[0m
[32mConnected to 127.0.0.1[0m

Testing SSL server [32m127.0.0.1[0m on port [32m4443[0m using SNI name [32m127.0.0.1[0m

  [1;34mSSL/TLS Protocols:[0m
SSLv2     [32mdisabled[0m
SSLv3     [32mdisabled[0m
TLSv1.0   [32mdisabled[0m
TLSv1.1   disabled
TLSv1.2   enabled
TLSv1.3   [33mdisabled[0m

  [1;34mTLS Fallback SCSV:[0m
Server [32msupports[0m TLS Fallback SCSV

  [1;34mTLS renegotiation:[0m
Session renegotiation [32mnot supported[0m

  [1;34mTLS Compression:[0m
Compression [32mdisabled[0m

  [1;34mHeartbleed:[0m
TLSv1.2 [32mnot vulnerable[0m to heartbleed

  [1;34mSupported Server Cipher(s):[0m
[32mPreferred[0m TLSv1.2  [32m256[0m bits  [32mDHE-RSA-AES256-GCM-SHA384    [0m DHE 2048 bits
Accepted  TLSv1.2  [32m128[0m bits  [32mDHE-RSA-AES128-GCM-SHA256    [0m DHE 2048 bits
Accepted  TLSv1.2  [32m256[0m bits  DHE-RSA-AES256-SHA256         DHE 2048 bits
Accepted  TLSv1.2  [32m128[0m bits  DHE-RSA-AES128-SHA256         DHE 2048 bits
Accepted  TLSv1.2  [32m256[0m bits  DHE-RSA-AES256-SHA            DHE 2048 bits
Accepted  TLSv1.2  [32m256[0m bits  DHE-RSA-CAMELLIA256-SHA       DHE 2048 bits
Accepted  TLSv1.2  [32m128[0m bits  DHE-RSA-AES128-SHA            DHE 2048 bits
Accepted  TLSv1.2  [32m128[0m bits  DHE-RSA-SEED-SHA              DHE 2048 bits
Accepted  TLSv1.2  [32m128[0m bits  DHE-RSA-CAMELLIA128-SHA       DHE 2048 bits
Accepted  TLSv1.2  [32m112[0m bits  [33mDHE-RSA-DES-CBC3-SHA         [0m DHE 2048 bits
Accepted  TLSv1.2  [32m256[0m bits  AES256-GCM-SHA384            
Accepted  TLSv1.2  [32m128[0m bits  AES128-GCM-SHA256            
Accepted  TLSv1.2  [32m256[0m bits  AES256-SHA256                
Accepted  TLSv1.2  [32m128[0m bits  AES128-SHA256                
Accepted  TLSv1.2  [32m256[0m bits  AES256-SHA                   
Accepted  TLSv1.2  [32m256[0m bits  CAMELLIA256-SHA              
Accepted  TLSv1.2  [32m128[0m bits  AES128-SHA                   
Accepted  TLSv1.2  [32m128[0m bits  SEED-SHA                     
Accepted  TLSv1.2  [32m128[0m bits  CAMELLIA128-SHA              
Accepted  TLSv1.2  [32m128[0m bits  [33mRC4-SHA                      [0m
Accepted  TLSv1.2  [32m128[0m bits  [33mRC4-MD5                      [0m
Accepted  TLSv1.2  [32m112[0m bits  [33mDES-CBC3-SHA                 [0m

  [1;34mServer Key Exchange Group(s):[0m
TLSv1.2  [31m81[0m bits  [31msect163k1[0m

  [1;34mServer Signature Algorithm(s):[0m
TLSv1.2  [31mrsa_pkcs1_sha1[0m
TLSv1.2  [31mdsa_sha1[0m
TLSv1.2  [31mecdsa_sha1[0m
TLSv1.2  [33mrsa_pkcs1_sha224[0m
TLSv1.2  [31mdsa_sha224[0m
TLSv1.2  [33mecdsa_sha224[0m
TLSv1.2  rsa_pkcs1_sha256[0m
TLSv1.2  [31mdsa_sha256[0m
TLSv1.2  ecdsa_secp256r1_sha256[0m
TLSv1.2  rsa_pkcs1_sha384[0m
TLSv1.2  [31mdsa_sha384[0m
TLSv1.2  ecdsa_secp384r1_sha384[0m
TLSv1.2  rsa_pkcs1_sha512[0m
TLSv1.2  [31mdsa_sha512[0m
TLSv1.2  ecdsa_secp521r1_sha512[0m

  [1;34mSSL Certificate:[0m
Signature Algorithm: [32msha256WithRSAEncryption[0m
RSA Key Strength:    [31m1024[0m

Subject:  howfuckedismydatabase.com
Issuer:   /C=XX/ST=Nowhere in particular/L=Nowhere[0m
Not valid before: [32mDec  3 03:56:52 2019 GMT[0m
Not valid after:  [32mDec  3 03:56:52 2029 GMT[0m
