[0m
[32mConnected to 127.0.0.1[0m

Testing SSL server [32m127.0.0.1[0m on port [32m4443[0m using SNI name [32m127.0.0.1[0m

  [1;34mSSL/TLS Protocols:[0m
SSLv2     [32mdisabled[0m
SSLv3     [32mdisabled[0m
TLSv1.0   [32mdisabled[0m
TLSv1.1   disabled
TLSv1.2   enabled
TLSv1.3   [33mdisabled[0m

  [1;34mTLS Fallback SCSV:[0m
Server [32msupports[0m TLS Fallback SCSV

  [1;34mTLS renegotiation:[0m
Session renegotiation [32mnot supported[0m

  [1;34mTLS Compression:[0m
Compression [32mdisabled[0m

  [1;34mHeartbleed:[0m
TLSv1.2 [32mnot vulnerable[0m to heartbleed

  [1;34mSupported Server Cipher(s):[0m
[32mPreferred[0m TLSv1.2  [32m256[0m bits  [32mECDHE-ECDSA-CHACHA20-POLY1305[0m Curve [32m25519[0m DHE 253
Accepted  TLSv1.2  [32m128[0m bits  [32mECDHE-ECDSA-AES128-GCM-SHA256[0m Curve [32m25519[0m DHE 253
Accepted  TLSv1.2  [32m128[0m bits  [32mTLS_ECDHE_ECDSA_WITH_CAMELLIA_128_GCM_SHA256[0m

  [1;34mServer Key Exchange Group(s):[0m
TLSv1.2  [32m128[0m bits  secp256r1 (NIST P-256)[0m
TLSv1.2  [32m192[0m bits  secp384r1 (NIST P-384)[0m
TLSv1.2  [32m260[0m bits  secp521r1 (NIST P-521)[0m
TLSv1.2  [32m128[0m bits  [32mx25519[0m

  [1;34mServer Signature Algorithm(s):[0m
TLSv1.2  [31mecdsa_sha1[0m

  [1;34mSSL Certificate:[0m
Signature Algorithm: [32msha256WithRSAEncryption[0m
ECC Curve Name:      prime256v1
ECC Key Strength:    128[0m

Subject:  itspeanutbutterjellytime.com
Issuer:   /C=XX/ST=Nowhere in particular/L=Nowhere[0m
Not valid before: [32mDec 22 19:01:56 2019 GMT[0m
Not valid after:  [32mDec 22 19:01:56 2029 GMT[0m
