[0m
[32mConnected to 127.0.0.1[0m

Testing SSL server [32m127.0.0.1[0m on port [32m4443[0m using SNI name [32m127.0.0.1[0m

  [1;34mSSL/TLS Protocols:[0m
SSLv2     [31menabled[0m
SSLv3     [31menabled[0m
TLSv1.0   [33menabled[0m
TLSv1.1   disabled
TLSv1.2   disabled
TLSv1.3   [33mdisabled[0m

  [1;34mTLS Fallback SCSV:[0m
Server [31mdoes not[0m support TLS Fallback SCSV

  [1;34mTLS renegotiation:[0m
[32mSecure[0m session renegotiation supported

  [1;34mTLS Compression:[0m
Compression [31menabled[0m (CRIME)

  [1;34mHeartbleed:[0m
TLSv1.0 [32mnot vulnerable[0m to heartbleed

  [1;34mSupported Server Cipher(s):[0m
[32mPreferred[0m [33mTLSv1.0[0m  [32m256[0m bits  ECDHE-RSA-AES256-SHA          Curve P-256 DHE 256
Accepted  [33mTLSv1.0[0m  [32m256[0m bits  DHE-RSA-AES256-SHA            DHE [31m512[0m bits
Accepted  [33mTLSv1.0[0m  [32m256[0m bits  DHE-RSA-CAMELLIA256-SHA       DHE [31m512[0m bits
Accepted  [33mTLSv1.0[0m  [32m256[0m bits  [35mAECDH-AES256-SHA             [0m Curve P-256 DHE 256
Accepted  [33mTLSv1.0[0m  [32m256[0m bits  [35mADH-AES256-SHA               [0m DHE [31m512[0m bits
Accepted  [33mTLSv1.0[0m  [32m256[0m bits  [35mADH-CAMELLIA256-SHA          [0m DHE [31m512[0m bits
Accepted  [33mTLSv1.0[0m  [32m128[0m bits  ECDHE-RSA-AES128-SHA          Curve P-256 DHE 256
Accepted  [33mTLSv1.0[0m  [32m128[0m bits  DHE-RSA-AES128-SHA            DHE [31m512[0m bits
Accepted  [33mTLSv1.0[0m  [32m128[0m bits  DHE-RSA-SEED-SHA              DHE [31m512[0m bits
Accepted  [33mTLSv1.0[0m  [32m128[0m bits  DHE-RSA-CAMELLIA128-SHA       DHE [31m512[0m bits
Accepted  [33mTLSv1.0[0m  [32m128[0m bits  [35mAECDH-AES128-SHA             [0m Curve P-256 DHE 256
Accepted  [33mTLSv1.0[0m  [32m128[0m bits  [35mADH-AES128-SHA               [0m DHE [31m512[0m bits
Accepted  [33mTLSv1.0[0m  [32m128[0m bits  [35mADH-SEED-SHA                 [0m DHE [31m512[0m bits
Accepted  [33mTLSv1.0[0m  [32m128[0m bits  [35mADH-CAMELLIA128-SHA          [0m DHE [31m512[0m bits
Accepted  [33mTLSv1.0[0m  [32m128[0m bits  [33mECDHE-RSA-RC4-SHA            [0m Curve P-256 DHE 256
Accepted  [33mTLSv1.0[0m  [32m128[0m bits  [35mAECDH-RC4-SHA                [0m Curve P-256 DHE 256
Accepted  [33mTLSv1.0[0m  [32m128[0m bits  [35mADH-RC4-MD5                  [0m DHE [31m512[0m bits
Accepted  [33mTLSv1.0[0m  [32m112[0m bits  [33mECDHE-RSA-DES-CBC3-SHA       [0m Curve P-256 DHE 256
Accepted  [33mTLSv1.0[0m  [32m112[0m bits  [33mDHE-RSA-DES-CBC3-SHA         [0m DHE [31m512[0m bits
Accepted  [33mTLSv1.0[0m  [32m112[0m bits  [35mAECDH-DES-CBC3-SHA           [0m Curve P-256 DHE 256
Accepted  [33mTLSv1.0[0m  [32m112[0m bits  [35mADH-DES-CBC3-SHA             [0m DHE [31m512[0m bits
Accepted  [33mTLSv1.0[0m  [32m256[0m bits  AES256-SHA                   
Accepted  [33mTLSv1.0[0m  [32m256[0m bits  CAMELLIA256-SHA              
Accepted  [33mTLSv1.0[0m  [32m128[0m bits  AES128-SHA                   
Accepted  [33mTLSv1.0[0m  [32m128[0m bits  SEED-SHA                     
Accepted  [33mTLSv1.0[0m  [32m128[0m bits  CAMELLIA128-SHA              
Accepted  [33mTLSv1.0[0m  [32m128[0m bits  IDEA-CBC-SHA                 
Accepted  [33mTLSv1.0[0m  [32m128[0m bits  [33mRC4-SHA                      [0m
Accepted  [33mTLSv1.0[0m  [32m128[0m bits  [33mRC4-MD5                      [0m
Accepted  [33mTLSv1.0[0m  [32m112[0m bits  [33mDES-CBC3-SHA                 [0m
Accepted  [33mTLSv1.0[0m  [41m0[0m bits    [41mECDHE-RSA-NULL-SHA           [0m Curve P-256 DHE 256
Accepted  [33mTLSv1.0[0m  [41m0[0m bits    [41mAECDH-NULL-SHA               [0m Curve P-256 DHE 256
Accepted  [33mTLSv1.0[0m  [41m0[0m bits    [41mNULL-SHA                     [0m
Accepted  [33mTLSv1.0[0m  [41m0[0m bits    [41mNULL-MD5                     [0m
Accepted  [33mTLSv1.0[0m  [31m40[0m bits   [31mTLS_RSA_EXPORT_WITH_RC4_40_MD5[0m
Accepted  [33mTLSv1.0[0m  [31m40[0m bits   [31mTLS_RSA_EXPORT_WITH_RC2_CBC_40_MD5[0m
Accepted  [33mTLSv1.0[0m  [31m40[0m bits   [31mTLS_RSA_EXPORT_WITH_DES40_CBC_SHA[0m
Accepted  [33mTLSv1.0[0m  [31m56[0m bits   [33mTLS_RSA_WITH_DES_CBC_SHA     [0m
Accepted  [33mTLSv1.0[0m  [31m40[0m bits   [31mTLS_DHE_RSA_EXPORT_WITH_DES40_CBC_SHA[0m
Accepted  [33mTLSv1.0[0m  [31m56[0m bits   [33mTLS_DHE_RSA_WITH_DES_CBC_SHA [0m
Accepted  [33mTLSv1.0[0m  [31m40[0m bits   [35mTLS_DH_anon_EXPORT_WITH_RC4_40_MD5[0m
Accepted  [33mTLSv1.0[0m  [31m40[0m bits   [35mTLS_DH_anon_EXPORT_WITH_DES40_CBC_SHA[0m
Accepted  [33mTLSv1.0[0m  [31m56[0m bits   [35mTLS_DH_anon_WITH_DES_CBC_SHA [0m

  [1;34mServer Key Exchange Group(s):[0m
TLSv1.0  [32m128[0m bits  secp256r1 (NIST P-256)[0m

  [1;34mServer Signature Algorithm(s):[0m
TLSv1.0[31m  Server accepts all signature algorithms.[0m

  [1;34mSSL Certificate:[0m
Signature Algorithm: [32msha256WithRSAEncryption[0m
RSA Key Strength:    3072

Subject:  lmgtfy.com
Issuer:   /C=XX/ST=Nowhere in particular/L=Nowhere[0m
Not valid before: [32mDec  3 04:07:43 2019 GMT[0m
Not valid after:  [32mDec  3 04:07:43 2029 GMT[0m
