[0m
[32mConnected to 127.0.0.1[0m

Testing SSL server [32m127.0.0.1[0m on port [32m4443[0m using SNI name [32m127.0.0.1[0m

  [1;34mSSL/TLS Protocols:[0m
SSLv2     [32mdisabled[0m
SSLv3     [31menabled[0m
TLSv1.0   [32mdisabled[0m
TLSv1.1   disabled
TLSv1.2   disabled
TLSv1.3   [33mdisabled[0m

  [1;34mTLS Fallback SCSV:[0m
[33mConnection failed[0m - unable to determine TLS Fallback SCSV support

  [1;34mTLS renegotiation:[0m
Session renegotiation [32mnot supported[0m

  [1;34mTLS Compression:[0m
Compression [32mdisabled[0m

  [1;34mHeartbleed:[0m

  [1;34mSupported Server Cipher(s):[0m
Certificate information cannot be retrieved.

